// Jest Snapshot v1, https://goo.gl/fbAQLP

exports[`CircularProgressWithLabel should match snapshot 1`] = `
<div
  className="MuiBox-root MuiBox-root-24"
>
  <div
    aria-valuenow={75}
    className="MuiCircularProgress-root MuiCircularProgress-colorPrimary MuiCircularProgress-determinate"
    role="progressbar"
    style={
      Object {
        "height": 60,
        "transform": "rotate(-90deg)",
        "width": 60,
      }
    }
  >
    <svg
      className="MuiCircularProgress-svg"
      viewBox="22 22 44 44"
    >
      <circle
        className="MuiCircularProgress-circle MuiCircularProgress-circleDeterminate"
        cx={44}
        cy={44}
        fill="none"
        r={20.2}
        strokeWidth={3.6}
        style={
          Object {
            "strokeDasharray": "126.920",
            "strokeDashoffset": "31.730px",
          }
        }
      />
    </svg>
  </div>
  <div
    className="MuiBox-root MuiBox-root-25"
  >
    <div
      className="MuiTypography-root makeStyles-fontWeightBold-16 MuiTypography-body1 MuiTypography-colorTextSecondary"
    >
      75
    </div>
  </div>
</div>
`;
